// Jest Snapshot v1, https://goo.gl/fbAQLP

exports[`Skill should invoke LaunchIntent 1`] = `
Object {
  "response": Object {
    "card": Object {
      "content": "¡Hola! ¡Bienvenido al Alfabeto con MiKarmen! Puedo explicarte cómo vamos a aprender el alfabeto o podemos empezar directamente a practicar. ¿Qué quieres hacer? ¿Escuchar la explicación o empezar a practicar?",
      "title": "¡Bienvenido al Alfabeto con MiKarmen!",
      "type": "Simple",
    },
    "outputSpeech": Object {
      "ssml": "<speak>¡Hola! ¡Bienvenido al Alfabeto con MiKarmen! Puedo explicarte cómo vamos a aprender el alfabeto o podemos empezar directamente a practicar. ¿Qué quieres hacer? ¿Escuchar la explicación o empezar a practicar?</speak>",
      "type": "SSML",
    },
    "reprompt": Object {
      "outputSpeech": Object {
        "ssml": "<speak>¿Escuchar la explicación o empezar a practicar?</speak>",
        "type": "SSML",
      },
    },
    "shouldEndSession": false,
  },
  "sessionAttributes": Object {},
  "userAgent": "ask-node/2.0.7 Node/v8.11.1",
  "version": "1.0",
}
`;
